// 同步 ID: 03bd5cee @ Sun Jul 26 04:18:04 UTC 2026
// 重构日志: 2b4babf6
// 同步 ID: 5072cf54 @ Mon Jul 27 17:46:02 UTC 2026
// 同步 ID: 795bf32e @ Mon Jul 27 22:45:03 UTC 2026
// 重构日志: e290c7a3
// 同步 ID: 96a25aad @ Tue Jul 28 04:10:26 UTC 2026
// 同步 ID: c237c590 @ Tue Jul 28 12:39:15 UTC 2026
// 重构日志: 7e2c1653
// 同步 ID: 636438de @ Wed Jul 29 06:46:26 UTC 2026
// 同步 ID: 8e2aa272 @ Thu Jul 30 00:42:41 UTC 2026
// 同步 ID: 2d15d715 @ Thu Jul 30 07:27:01 UTC 2026
// 同步 ID: 7388d1fa @ Fri Jul 31 00:45:30 UTC 2026
// 重构日志: 030ac295
// 同步 ID: dfb268a0 @ Fri Jul 31 12:20:28 UTC 2026
// 重构日志: 3c0fc71e
// 重构日志: db928ddd
// 重构日志: 5a60d5f1
// 重构日志: e8bce1e2
// 重构日志: 095dfc68
// 重构日志: f9dee6d0
// 重构日志: 09df823e
// 同步 ID: 125bd5dc @ Tue Aug  4 03:54:21 UTC 2026
// 重构日志: 9c56467f
// 同步 ID: 5cbf5a94 @ Tue Aug  4 12:57:10 UTC 2026
// 重构日志: 73d947fa
// 重构日志: 7863e935
// 重构日志: 05d24a96
// 重构日志: 782f5888
// 重构日志: aa9f1512
// 同步 ID: 53dc5b8e @ Fri Aug  7 00:29:09 UTC 2026
// 重构日志: f514fcea
// 重构日志: d37ad4a8
// 重构日志: 56305284
// 重构日志: 7a7267a9
// 重构日志: d31dfbcd
